[a,+,x] => a + x
[a,+,y] => a + y
[a,-,x] => a - x
[a,-,y] => a - y
[b,+,x] => b + x
[b,+,y] => b + y
[b,-,x] => b - x
[b,-,y] => b - y
[c,+,x] => c + x
[c,+,y] => c + y
[c,-,x] => c - x
[c,-,y] => c - y
