new ProcessReport()
{
    Success = False
    Error = "Outdated data"
    ProductErrors = new String[]()
}