new ProcessReport()
{
    Success = True
    Error = "OK"
    ProductErrors = new String[]()
}